2026-05-22 15:40:04.438 ERROR [restartedMain] o.s.b.d.LoggingFailureAnalysisReporter - 

***************************
APPLICATION FAILED TO START
***************************

Description:

Parameter 1 of constructor in com.kidmily.algoga_server.lms.application.service.CourseService required a bean of type 'com.kidmily.algoga_server.lms.domain.repository.MapRepository' that could not be found.


Action:

Consider defining a bean of type 'com.kidmily.algoga_server.lms.domain.repository.MapRepository' in your configuration.

2026-05-22 15:40:12.396 ERROR [restartedMain] o.s.b.d.LoggingFailureAnalysisReporter - 

***************************
APPLICATION FAILED TO START
***************************

Description:

Parameter 1 of constructor in com.kidmily.algoga_server.lms.application.service.CourseService required a bean of type 'com.kidmily.algoga_server.lms.domain.repository.MapRepository' that could not be found.


Action:

Consider defining a bean of type 'com.kidmily.algoga_server.lms.domain.repository.MapRepository' in your configuration.

2026-05-22 15:42:03.081 ERROR [restartedMain] o.s.b.d.LoggingFailureAnalysisReporter - 

***************************
APPLICATION FAILED TO START
***************************

Description:

Parameter 1 of constructor in com.kidmily.algoga_server.lms.application.service.CourseService required a bean of type 'com.kidmily.algoga_server.lms.domain.repository.MapRepository' that could not be found.


Action:

Consider defining a bean of type 'com.kidmily.algoga_server.lms.domain.repository.MapRepository' in your configuration.

2026-05-22 15:44:11.392 ERROR [restartedMain] o.s.b.d.LoggingFailureAnalysisReporter - 

***************************
APPLICATION FAILED TO START
***************************

Description:

Parameter 1 of constructor in com.kidmily.algoga_server.lms.application.service.CourseService required a bean of type 'com.kidmily.algoga_server.lms.domain.repository.MapRepository' that could not be found.


Action:

Consider defining a bean of type 'com.kidmily.algoga_server.lms.domain.repository.MapRepository' in your configuration.

